<html>
<body>
<pre>
<h1>µVision Build Log</h1>
<h2>Tool Versions:</h2>
IDE-Version: £gVision V5.27.1.0
Copyright (C) 2019 ARM Ltd and ARM Germany GmbH. All rights reserved.
License Information: cba abc, non, LIC=TIVNB-2FDZF-01ZP1-CQ24N-JICFC-1U5J6
 
Tool Versions:
Toolchain:       MDK-ARM Plus  Version: 5.33.0.0
Toolchain Path:  C:\Keil_v5\ARM\ARMCC\Bin
C Compiler:      Armcc.exe V5.06 update 7 (build 960)
Assembler:       Armasm.exe V5.06 update 7 (build 960)
Linker/Locator:  ArmLink.exe V5.06 update 7 (build 960)
Library Manager: ArmAr.exe V5.06 update 7 (build 960)
Hex Converter:   FromElf.exe V5.06 update 7 (build 960)
CPU DLL:         SARMCM3.DLL V5.33.0.0
Dialog DLL:      DCM.DLL V1.17.3.0
Target DLL:      Segger\JL2CM3.dll V2.99.38.0
Dialog DLL:      TCM.DLL V1.48.0.0
 
<h2>Project:</h2>
C:\Users\lab517\Documents\GD32F30x_Demo_Suites_V2.2.0\GD32303C_EVAL_Demo_Suites\Projects\GPIO_Segment_3\MDK-ARM\GD32303C_EVAL.uvproj
Project File Date:  01/11/2022

<h2>Output:</h2>
*** Using Compiler 'V5.06 update 7 (build 960)', folder: 'C:\Keil_v5\ARM\ARMCC\Bin'
Rebuild target 'GD32F303C_EVAL'
compiling gd32f30x_it.c...
compiling systick.c...
compiling system_gd32f30x.c...
compiling main.c...
compiling gd32f30x_bkp.c...
compiling gd32f30x_adc.c...
compiling gd32f30x_can.c...
compiling gd32f30x_ctc.c...
compiling gd32f30x_crc.c...
compiling gd32f30x_dbg.c...
compiling gd32f30x_dac.c...
compiling gd32f30x_dma.c...
compiling gd32f30x_enet.c...
compiling gd32f30x_exmc.c...
compiling gd32f30x_fwdgt.c...
compiling gd32f30x_exti.c...
compiling gd32f30x_fmc.c...
compiling gd32f30x_gpio.c...
compiling gd32f30x_misc.c...
compiling gd32f30x_i2c.c...
compiling gd32f30x_pmu.c...
compiling gd32f30x_rtc.c...
compiling gd32f30x_rcu.c...
compiling gd32f30x_sdio.c...
compiling gd32f30x_spi.c...
compiling gd32f30x_usart.c...
compiling gd32f30x_wwdgt.c...
assembling startup_gd32f30x_hd.s...
compiling gd32f30x_timer.c...
compiling gd32f303c_eval.c...
linking...
Program Size: Code=2236 RO-data=336 RW-data=72 ZI-data=1024  
FromELF: creating hex file...
".\output\Project.axf" - 0 Error(s), 0 Warning(s).
Build Time Elapsed:  00:00:02
</pre>
</body>
</html>
